../Core/Src/stm32f3xx_hal_msp.c:66:6:HAL_MspInit	8	static
../Core/Src/stm32f3xx_hal_msp.c:88:6:HAL_CAN_MspInit	40	static
../Core/Src/stm32f3xx_hal_msp.c:124:6:HAL_CAN_MspDeInit	0	static
../Core/Src/stm32f3xx_hal_msp.c:153:6:HAL_TIM_PWM_MspInit	24	static
../Core/Src/stm32f3xx_hal_msp.c:190:6:HAL_TIM_MspPostInit	32	static
../Core/Src/stm32f3xx_hal_msp.c:222:6:HAL_TIM_PWM_MspDeInit	8	static
../Core/Src/stm32f3xx_hal_msp.c:248:6:HAL_UART_MspInit	40	static
../Core/Src/stm32f3xx_hal_msp.c:284:6:HAL_UART_MspDeInit	0	static
